#-----------------------------------------------------------
# Webtalk v2019.1 (64-bit)
# SW Build 2552052 on Fri May 24 14:49:42 MDT 2019
# IP Build 2548770 on Fri May 24 18:01:18 MDT 2019
# Start of session at: Mon Aug  7 10:11:27 2023
# Process ID: 13344
# Current directory: D:/BarIlan/DDP/exercises/RiscV_pipe/riscv_pipe/riscv_pipe/riscv_pipe.sim/sim_1/synth/func/xsim
# Command line: wbtcv.exe -mode batch -source D:/BarIlan/DDP/exercises/RiscV_pipe/riscv_pipe/riscv_pipe/riscv_pipe.sim/sim_1/synth/func/xsim/xsim.dir/inst_bram_tb_func_synth/webtalk/xsim_webtalk.tcl -notrace
# Log file: D:/BarIlan/DDP/exercises/RiscV_pipe/riscv_pipe/riscv_pipe/riscv_pipe.sim/sim_1/synth/func/xsim/webtalk.log
# Journal file: D:/BarIlan/DDP/exercises/RiscV_pipe/riscv_pipe/riscv_pipe/riscv_pipe.sim/sim_1/synth/func/xsim\webtalk.jou
#-----------------------------------------------------------
source D:/BarIlan/DDP/exercises/RiscV_pipe/riscv_pipe/riscv_pipe/riscv_pipe.sim/sim_1/synth/func/xsim/xsim.dir/inst_bram_tb_func_synth/webtalk/xsim_webtalk.tcl -notrace
